traffic_light.c:10:6:setRed_horizontal	8	static
traffic_light.c:16:6:setGreen_horizontal	8	static
traffic_light.c:22:6:setYellow_horizontal	8	static
traffic_light.c:28:6:setRed_vertical	8	static
traffic_light.c:34:6:setGreen_vertical	8	static
traffic_light.c:40:6:setYellow_vertical	8	static
traffic_light.c:46:6:toggleLedRed	8	static
traffic_light.c:50:6:toggleRed_horizontal	8	static
traffic_light.c:54:6:toggleGreen_horizontal	8	static
traffic_light.c:58:6:toggleYellow_horizontal	8	static
traffic_light.c:62:6:toggleRed_vertical	8	static
traffic_light.c:66:6:toggleGreen_vertical	8	static
traffic_light.c:70:6:toggleYellow_vertical	8	static
traffic_light.c:74:6:offAllLed_horizontal	8	static
traffic_light.c:79:6:offGreenYellow_horizontal	8	static
traffic_light.c:83:6:offGreenRed_horizontal	8	static
traffic_light.c:87:6:offRedYellow_horizontal	8	static
traffic_light.c:93:6:offAllLed_vertical	8	static
traffic_light.c:98:6:offGreenYellow_vertical	8	static
traffic_light.c:102:6:offGreenRed_vertical	8	static
traffic_light.c:106:6:offRedYellow_vertical	8	static
traffic_light.c:110:6:display7SEG_horizontal	16	static
traffic_light.c:206:6:display7SEG_vertical	16	static
