traffic_light.h.c:10:6:setRed_horizontal	8	static
traffic_light.h.c:16:6:setGreen_horizontal	8	static
traffic_light.h.c:22:6:setYellow_horizontal	8	static
traffic_light.h.c:28:6:setRed_vertical	8	static
traffic_light.h.c:34:6:setGreen_vertical	8	static
traffic_light.h.c:40:6:setYellow_vertical	8	static
traffic_light.h.c:46:6:toggleLedRed	8	static
traffic_light.h.c:50:6:toggleRed_horizontal	8	static
traffic_light.h.c:54:6:toggleGreen_horizontal	8	static
traffic_light.h.c:58:6:toggleYellow_horizontal	8	static
traffic_light.h.c:62:6:toggleRed_vertical	8	static
traffic_light.h.c:66:6:toggleGreen_vertical	8	static
traffic_light.h.c:70:6:toggleYellow_vertical	8	static
traffic_light.h.c:74:6:offAllLed_horizontal	8	static
traffic_light.h.c:79:6:offGreenYellow_horizontal	8	static
traffic_light.h.c:83:6:offGreenRed_horizontal	8	static
traffic_light.h.c:87:6:offRedYellow_horizontal	8	static
traffic_light.h.c:93:6:offAllLed_vertical	8	static
traffic_light.h.c:98:6:offGreenYellow_vertical	8	static
traffic_light.h.c:102:6:offGreenRed_vertical	8	static
traffic_light.h.c:106:6:offRedYellow_vertical	8	static
