Archive member included to satisfy reference by file (symbol)

d:/vi xu ly vi di e zu ka hi en/stm32cubeide_1.7.0/stm32cubeide/plugins/com.st.stm32cube.ide.mcu.externaltools.gnu-tools-for-stm32.9-2020-q2-update.win32_2.0.0.202105311346/tools/bin/../lib/gcc/arm-none-eabi/9.3.1/../../../../arm-none-eabi/lib/thumb/v7-m/nofp\libc_nano.a(lib_a-errno.o)
                              ./Core/Src/syscalls.o (__errno)
d:/vi xu ly vi di e zu ka hi en/stm32cubeide_1.7.0/stm32cubeide/plugins/com.st.stm32cube.ide.mcu.externaltools.gnu-tools-for-stm32.9-2020-q2-update.win32_2.0.0.202105311346/tools/bin/../lib/gcc/arm-none-eabi/9.3.1/../../../../arm-none-eabi/lib/thumb/v7-m/nofp\libc_nano.a(lib_a-exit.o)
                              d:/vi xu ly vi di e zu ka hi en/stm32cubeide_1.7.0/stm32cubeide/plugins/com.st.stm32cube.ide.mcu.externaltools.gnu-tools-for-stm32.9-2020-q2-update.win32_2.0.0.202105311346/tools/bin/../lib/gcc/arm-none-eabi/9.3.1/../../../../arm-none-eabi/lib/thumb/v7-m/nofp/crt0.o (exit)
d:/vi xu ly vi di e zu ka hi en/stm32cubeide_1.7.0/stm32cubeide/plugins/com.st.stm32cube.ide.mcu.externaltools.gnu-tools-for-stm32.9-2020-q2-update.win32_2.0.0.202105311346/tools/bin/../lib/gcc/arm-none-eabi/9.3.1/../../../../arm-none-eabi/lib/thumb/v7-m/nofp\libc_nano.a(lib_a-impure.o)
                              d:/vi xu ly vi di e zu ka hi en/stm32cubeide_1.7.0/stm32cubeide/plugins/com.st.stm32cube.ide.mcu.externaltools.gnu-tools-for-stm32.9-2020-q2-update.win32_2.0.0.202105311346/tools/bin/../lib/gcc/arm-none-eabi/9.3.1/../../../../arm-none-eabi/lib/thumb/v7-m/nofp\libc_nano.a(lib_a-exit.o) (_global_impure_ptr)
d:/vi xu ly vi di e zu ka hi en/stm32cubeide_1.7.0/stm32cubeide/plugins/com.st.stm32cube.ide.mcu.externaltools.gnu-tools-for-stm32.9-2020-q2-update.win32_2.0.0.202105311346/tools/bin/../lib/gcc/arm-none-eabi/9.3.1/../../../../arm-none-eabi/lib/thumb/v7-m/nofp\libc_nano.a(lib_a-init.o)
                              d:/vi xu ly vi di e zu ka hi en/stm32cubeide_1.7.0/stm32cubeide/plugins/com.st.stm32cube.ide.mcu.externaltools.gnu-tools-for-stm32.9-2020-q2-update.win32_2.0.0.202105311346/tools/bin/../lib/gcc/arm-none-eabi/9.3.1/../../../../arm-none-eabi/lib/thumb/v7-m/nofp/crt0.o (__libc_init_array)
d:/vi xu ly vi di e zu ka hi en/stm32cubeide_1.7.0/stm32cubeide/plugins/com.st.stm32cube.ide.mcu.externaltools.gnu-tools-for-stm32.9-2020-q2-update.win32_2.0.0.202105311346/tools/bin/../lib/gcc/arm-none-eabi/9.3.1/../../../../arm-none-eabi/lib/thumb/v7-m/nofp\libc_nano.a(lib_a-memset.o)
                              d:/vi xu ly vi di e zu ka hi en/stm32cubeide_1.7.0/stm32cubeide/plugins/com.st.stm32cube.ide.mcu.externaltools.gnu-tools-for-stm32.9-2020-q2-update.win32_2.0.0.202105311346/tools/bin/../lib/gcc/arm-none-eabi/9.3.1/../../../../arm-none-eabi/lib/thumb/v7-m/nofp/crt0.o (memset)

Allocating common symbols
Common symbol       size              file

uwTick              0x4               ./Drivers/STM32F1xx_HAL_Driver/Src/stm32f1xx_hal.o
pFlash              0x20              ./Drivers/STM32F1xx_HAL_Driver/Src/stm32f1xx_hal_flash.o
htim2               0x48              ./Core/Src/main.o

Discarded input sections

 .text          0x0000000000000000        0x0 d:/vi xu ly vi di e zu ka hi en/stm32cubeide_1.7.0/stm32cubeide/plugins/com.st.stm32cube.ide.mcu.externaltools.gnu-tools-for-stm32.9-2020-q2-update.win32_2.0.0.202105311346/tools/bin/../lib/gcc/arm-none-eabi/9.3.1/thumb/v7-m/nofp/crti.o
 .data          0x0000000000000000        0x0 d:/vi xu ly vi di e zu ka hi en/stm32cubeide_1.7.0/stm32cubeide/plugins/com.st.stm32cube.ide.mcu.externaltools.gnu-tools-for-stm32.9-2020-q2-update.win32_2.0.0.202105311346/tools/bin/../lib/gcc/arm-none-eabi/9.3.1/thumb/v7-m/nofp/crti.o
 .bss           0x0000000000000000        0x0 d:/vi xu ly vi di e zu ka hi en/stm32cubeide_1.7.0/stm32cubeide/plugins/com.st.stm32cube.ide.mcu.externaltools.gnu-tools-for-stm32.9-2020-q2-update.win32_2.0.0.202105311346/tools/bin/../lib/gcc/arm-none-eabi/9.3.1/thumb/v7-m/nofp/crti.o
 .data          0x0000000000000000        0x4 d:/vi xu ly vi di e zu ka hi en/stm32cubeide_1.7.0/stm32cubeide/plugins/com.st.stm32cube.ide.mcu.externaltools.gnu-tools-for-stm32.9-2020-q2-update.win32_2.0.0.202105311346/tools/bin/../lib/gcc/arm-none-eabi/9.3.1/thumb/v7-m/nofp/crtbegin.o
 .text          0x0000000000000000       0x7c d:/vi xu ly vi di e zu ka hi en/stm32cubeide_1.7.0/stm32cubeide/plugins/com.st.stm32cube.ide.mcu.externaltools.gnu-tools-for-stm32.9-2020-q2-update.win32_2.0.0.202105311346/tools/bin/../lib/gcc/arm-none-eabi/9.3.1/../../../../arm-none-eabi/lib/thumb/v7-m/nofp/crt0.o
 .data          0x0000000000000000        0x0 d:/vi xu ly vi di e zu ka hi en/stm32cubeide_1.7.0/stm32cubeide/plugins/com.st.stm32cube.ide.mcu.externaltools.gnu-tools-for-stm32.9-2020-q2-update.win32_2.0.0.202105311346/tools/bin/../lib/gcc/arm-none-eabi/9.3.1/../../../../arm-none-eabi/lib/thumb/v7-m/nofp/crt0.o
[...]
Memory Configuration

Name             Origin             Length             Attributes
RAM              0x0000000020000000 0x0000000000002800 xrw
FLASH            0x0000000008000000 0x0000000000008000 xr
*default*        0x0000000000000000 0xffffffffffffffff

Linker script and memory map

LOAD d:/vi xu ly vi di e zu ka hi en/stm32cubeide_1.7.0/stm32cubeide/plugins/com.st.stm32cube.ide.mcu.externaltools.gnu-tools-for-stm32.9-2020-q2-update.win32_2.0.0.202105311346/tools/bin/../lib/gcc/arm-none-eabi/9.3.1/thumb/v7-m/nofp/crti.o
LOAD d:/vi xu ly vi di e zu ka hi en/stm32cubeide_1.7.0/stm32cubeide/plugins/com.st.stm32cube.ide.mcu.externaltools.gnu-tools-for-stm32.9-2020-q2-update.win32_2.0.0.202105311346/tools/bin/../lib/gcc/arm-none-eabi/9.3.1/thumb/v7-m/nofp/crtbegin.o
LOAD d:/vi xu ly vi di e zu ka hi en/stm32cubeide_1.7.0/stm32cubeide/plugins/com.st.stm32cube.ide.mcu.externaltools.gnu-tools-for-stm32.9-2020-q2-update.win32_2.0.0.202105311346/tools/bin/../lib/gcc/arm-none-eabi/9.3.1/../../../../arm-none-eabi/lib/thumb/v7-m/nofp/crt0.o
LOAD ./Core/Src/button.o
LOAD ./Core/Src/control_7SEG.o
LOAD ./Core/Src/fsm_7SEG_horizontal.o
LOAD ./Core/Src/fsm_7SEG_vertical.o
LOAD ./Core/Src/fsm_system.o
LOAD ./Core/Src/fsm_traffic_blink.o
LOAD ./Core/Src/fsm_traffic_horizontal.o
LOAD ./Core/Src/fsm_traffic_vertical.o
LOAD ./Core/Src/global.o
LOAD ./Core/Src/main.o
LOAD ./Core/Src/software_timer.o
LOAD ./Core/Src/stm32f1xx_hal_msp.o
LOAD ./Core/Src/stm32f1xx_it.o
LOAD ./Core/Src/syscalls.o
LOAD ./Core/Src/sysmem.o
LOAD ./Core/Src/system_stm32f1xx.o
LOAD ./Core/Src/traffic_buffer.o
LOAD ./Core/Src/traffic_light.o
LOAD ./Core/Startup/startup_stm32f103c6ux.o
LOAD ./Drivers/STM32F1xx_HAL_Driver/Src/stm32f1xx_hal.o
LOAD ./Drivers/STM32F1xx_HAL_Driver/Src/stm32f1xx_hal_cortex.o
LOAD ./Drivers/STM32F1xx_HAL_Driver/Src/stm32f1xx_hal_dma.o
LOAD ./Drivers/STM32F1xx_HAL_Driver/Src/stm32f1xx_hal_exti.o
LOAD ./Drivers/STM32F1xx_HAL_Driver/Src/stm32f1xx_hal_flash.o
LOAD ./Drivers/STM32F1xx_HAL_Driver/Src/stm32f1xx_hal_flash_ex.o
LOAD ./Drivers/STM32F1xx_HAL_Driver/Src/stm32f1xx_hal_gpio.o
LOAD ./Drivers/STM32F1xx_HAL_Driver/Src/stm32f1xx_hal_gpio_ex.o
LOAD ./Drivers/STM32F1xx_HAL_Driver/Src/stm32f1xx_hal_pwr.o
LOAD ./Drivers/STM32F1xx_HAL_Driver/Src/stm32f1xx_hal_rcc.o
LOAD ./Drivers/STM32F1xx_HAL_Driver/Src/stm32f1xx_hal_rcc_ex.o
LOAD ./Drivers/STM32F1xx_HAL_Driver/Src/stm32f1xx_hal_tim.o
LOAD ./Drivers/STM32F1xx_HAL_Driver/Src/stm32f1xx_hal_tim_ex.o
START GROUP
LOAD d:/vi xu ly vi di e zu ka hi en/stm32cubeide_1.7.0/stm32cubeide/plugins/com.st.stm32cube.ide.mcu.externaltools.gnu-tools-for-stm32.9-2020-q2-update.win32_2.0.0.202105311346/tools/bin/../lib/gcc/arm-none-eabi/9.3.1/../../../../arm-none-eabi/lib/thumb/v7-m/nofp\libc_nano.a
LOAD d:/vi xu ly vi di e zu ka hi en/stm32cubeide_1.7.0/stm32cubeide/plugins/com.st.stm32cube.ide.mcu.externaltools.gnu-tools-for-stm32.9-2020-q2-update.win32_2.0.0.202105311346/tools/bin/../lib/gcc/arm-none-eabi/9.3.1/../../../../arm-none-eabi/lib/thumb/v7-m/nofp\libm.a
END GROUP
START GROUP
LOAD d:/vi xu ly vi di e zu ka hi en/stm32cubeide_1.7.0/stm32cubeide/plugins/com.st.stm32cube.ide.mcu.externaltools.gnu-tools-for-stm32.9-2020-q2-update.win32_2.0.0.202105311346/tools/bin/../lib/gcc/arm-none-eabi/9.3.1/thumb/v7-m/nofp\libgcc.a
LOAD d:/vi xu ly vi di e zu ka hi en/stm32cubeide_1.7.0/stm32cubeide/plugins/com.st.stm32cube.ide.mcu.externaltools.gnu-tools-for-stm32.9-2020-q2-update.win32_2.0.0.202105311346/tools/bin/../lib/gcc/arm-none-eabi/9.3.1/../../../../arm-none-eabi/lib/thumb/v7-m/nofp\libc_nano.a
END GROUP
START GROUP
LOAD d:/vi xu ly vi di e zu ka hi en/stm32cubeide_1.7.0/stm32cubeide/plugins/com.st.stm32cube.ide.mcu.externaltools.gnu-tools-for-stm32.9-2020-q2-update.win32_2.0.0.202105311346/tools/bin/../lib/gcc/arm-none-eabi/9.3.1/thumb/v7-m/nofp\libgcc.a
LOAD d:/vi xu ly vi di e zu ka hi en/stm32cubeide_1.7.0/stm32cubeide/plugins/com.st.stm32cube.ide.mcu.externaltools.gnu-tools-for-stm32.9-2020-q2-update.win32_2.0.0.202105311346/tools/bin/../lib/gcc/arm-none-eabi/9.3.1/../../../../arm-none-eabi/lib/thumb/v7-m/nofp\libc_nano.a
LOAD d:/vi xu ly vi di e zu ka hi en/stm32cubeide_1.7.0/stm32cubeide/plugins/com.st.stm32cube.ide.mcu.externaltools.gnu-tools-for-stm32.9-2020-q2-update.win32_2.0.0.202105311346/tools/bin/../lib/gcc/arm-none-eabi/9.3.1/../../../../arm-none-eabi/lib/thumb/v7-m/nofp\libnosys.a
END GROUP
START GROUP
LOAD d:/vi xu ly vi di e zu ka hi en/stm32cubeide_1.7.0/stm32cubeide/plugins/com.st.stm32cube.ide.mcu.externaltools.gnu-tools-for-stm32.9-2020-q2-update.win32_2.0.0.202105311346/tools/bin/../lib/gcc/arm-none-eabi/9.3.1/thumb/v7-m/nofp\libgcc.a
LOAD d:/vi xu ly vi di e zu ka hi en/stm32cubeide_1.7.0/stm32cubeide/plugins/com.st.stm32cube.ide.mcu.externaltools.gnu-tools-for-stm32.9-2020-q2-update.win32_2.0.0.202105311346/tools/bin/../lib/gcc/arm-none-eabi/9.3.1/../../../../arm-none-eabi/lib/thumb/v7-m/nofp\libc_nano.a
LOAD d:/vi xu ly vi di e zu ka hi en/stm32cubeide_1.7.0/stm32cubeide/plugins/com.st.stm32cube.ide.mcu.externaltools.gnu-tools-for-stm32.9-2020-q2-update.win32_2.0.0.202105311346/tools/bin/../lib/gcc/arm-none-eabi/9.3.1/../../../../arm-none-eabi/lib/thumb/v7-m/nofp\libnosys.a
END GROUP
LOAD d:/vi xu ly vi di e zu ka hi en/stm32cubeide_1.7.0/stm32cubeide/plugins/com.st.stm32cube.ide.mcu.externaltools.gnu-tools-for-stm32.9-2020-q2-update.win32_2.0.0.202105311346/tools/bin/../lib/gcc/arm-none-eabi/9.3.1/thumb/v7-m/nofp/crtend.o
LOAD d:/vi xu ly vi di e zu ka hi en/stm32cubeide_1.7.0/stm32cubeide/plugins/com.st.stm32cube.ide.mcu.externaltools.gnu-tools-for-stm32.9-2020-q2-update.win32_2.0.0.202105311346/tools/bin/../lib/gcc/arm-none-eabi/9.3.1/thumb/v7-m/nofp/crtn.o
                0x0000000020002800                _estack = (ORIGIN (RAM) + LENGTH (RAM))
                0x0000000000000200                _Min_Heap_Size = 0x200
                0x0000000000000400                _Min_Stack_Size = 0x400

.isr_vector     0x0000000008000000      0x10c
                0x0000000008000000                . = ALIGN (0x4)
 *(.isr_vector)
 .isr_vector    0x0000000008000000      0x10c ./Core/Startup/startup_stm32f103c6ux.o
                0x0000000008000000                g_pfnVectors
                0x000000000800010c                . = ALIGN (0x4)

.text           0x000000000800010c     0x3434
                0x000000000800010c                . = ALIGN (0x4)
 *(.text)
 .text          0x000000000800010c       0x40 d:/vi xu ly vi di e zu ka hi en/stm32cubeide_1.7.0/stm32cubeide/plugins/com.st.stm32cube.ide.mcu.externaltools.gnu-tools-for-stm32.9-2020-q2-update.win32_2.0.0.202105311346/tools/bin/../lib/gcc/arm-none-eabi/9.3.1/thumb/v7-m/nofp/crtbegin.o
 *(.text*)
 .text.isButton1Pressed
                0x000000000800014c       0x24 ./Core/Src/button.o
                0x000000000800014c                isButton1Pressed
 .text.isButton2Pressed
                0x0000000008000170       0x24 ./Core/Src/button.o
                0x0000000008000170                isButton2Pressed
 .text.isButton3Pressed
                0x0000000008000194       0x24 ./Core/Src/button.o
                0x0000000008000194                isButton3Pressed
 .text.getKeyInput
                0x00000000080001b8      0x188 ./Core/Src/button.o
                0x00000000080001b8                getKeyInput
 .text.update7SEG_horizontal
                0x0000000008000340       0x70 ./Core/Src/control_7SEG.o
                0x0000000008000340                update7SEG_horizontal
 .text.update7SEG_vertical
                0x00000000080003b0       0x70 ./Core/Src/control_7SEG.o
                0x00000000080003b0                update7SEG_vertical
 .text.fsm_7SEG_horizontal_run
                0x0000000008000420      0x128 ./Core/Src/fsm_7SEG_horizontal.o
                0x0000000008000420                fsm_7SEG_horizontal_run
 .text.fsm_7SEG_vertical_run
                0x0000000008000548       0x84 ./Core/Src/fsm_7SEG_vertical.o
                0x0000000008000548                fsm_7SEG_vertical_run
 .text.fsm_system_run
                0x00000000080005cc      0x28c ./Core/Src/fsm_system.o
                0x00000000080005cc                fsm_system_run
 .text.fsm_traffic_blink_horizontal_run
                0x0000000008000858      0x24c ./Core/Src/fsm_traffic_blink.o
                0x0000000008000858                fsm_traffic_blink_horizontal_run
 .text.fsm_traffic_blink_vertical_run
                0x0000000008000aa4      0x24c ./Core/Src/fsm_traffic_blink.o
                0x0000000008000aa4                fsm_traffic_blink_vertical_run
 .text.fsm_traffic_horizontal_run
                0x0000000008000cf0       0x94 ./Core/Src/fsm_traffic_horizontal.o
                0x0000000008000cf0                fsm_traffic_horizontal_run
 .text.fsm_traffic_vertical_run
                0x0000000008000d84       0xe4 ./Core/Src/fsm_traffic_vertical.o
                0x0000000008000d84                fsm_traffic_vertical_run
 .text.main     0x0000000008000e68       0x70 ./Core/Src/main.o
                0x0000000008000e68                main
 .text.SystemClock_Config
                0x0000000008000ed8       0x76 ./Core/Src/main.o
                0x0000000008000ed8                SystemClock_Config
 *fill*         0x0000000008000f4e        0x2 
 .text.MX_TIM2_Init
                0x0000000008000f50       0x98 ./Core/Src/main.o
 .text.MX_GPIO_Init
                0x0000000008000fe8       0xe4 ./Core/Src/main.o
 .text.HAL_TIM_PeriodElapsedCallback
                0x00000000080010cc       0x18 ./Core/Src/main.o
                0x00000000080010cc                HAL_TIM_PeriodElapsedCallback
 .text.Error_Handler
                0x00000000080010e4        0xa ./Core/Src/main.o
                0x00000000080010e4                Error_Handler
 *fill*         0x00000000080010ee        0x2 
 .text.setTimer1
                0x00000000080010f0       0x34 ./Core/Src/software_timer.o
                0x00000000080010f0                setTimer1
 .text.setTimer2
                0x0000000008001124       0x34 ./Core/Src/software_timer.o
                0x0000000008001124                setTimer2
 .text.setTimer3
                0x0000000008001158       0x34 ./Core/Src/software_timer.o
                0x0000000008001158                setTimer3
 .text.setTimer4
                0x000000000800118c       0x34 ./Core/Src/software_timer.o
                0x000000000800118c                setTimer4
 .text.setTimer5
                0x00000000080011c0       0x34 ./Core/Src/software_timer.o
                0x00000000080011c0                setTimer5
 .text.setTimer6
                0x00000000080011f4       0x34 ./Core/Src/software_timer.o
                0x00000000080011f4                setTimer6
 .text.setTimer7
                0x0000000008001228       0x34 ./Core/Src/software_timer.o
                0x0000000008001228                setTimer7
 .text.setTimer8
                0x000000000800125c       0x34 ./Core/Src/software_timer.o
                0x000000000800125c                setTimer8
 .text.setTimer10
                0x0000000008001290       0x34 ./Core/Src/software_timer.o
                0x0000000008001290                setTimer10
 .text.timerRun
                0x00000000080012c4      0x19c ./Core/Src/software_timer.o
                0x00000000080012c4                timerRun
 .text.HAL_MspInit
                0x0000000008001460       0x64 ./Core/Src/stm32f1xx_hal_msp.o
                0x0000000008001460                HAL_MspInit
 .text.HAL_TIM_Base_MspInit
                0x00000000080014c4       0x48 ./Core/Src/stm32f1xx_hal_msp.o
                0x00000000080014c4                HAL_TIM_Base_MspInit
 .text.NMI_Handler
                0x000000000800150c        0x6 ./Core/Src/stm32f1xx_it.o
                0x000000000800150c                NMI_Handler
 .text.HardFault_Handler
                0x0000000008001512        0x6 ./Core/Src/stm32f1xx_it.o
                0x0000000008001512                HardFault_Handler
 .text.MemManage_Handler
                0x0000000008001518        0x6 ./Core/Src/stm32f1xx_it.o
                0x0000000008001518                MemManage_Handler
 .text.BusFault_Handler
                0x000000000800151e        0x6 ./Core/Src/stm32f1xx_it.o
                0x000000000800151e                BusFault_Handler
 .text.UsageFault_Handler
                0x0000000008001524        0x6 ./Core/Src/stm32f1xx_it.o
                0x0000000008001524                UsageFault_Handler
 .text.SVC_Handler
                0x000000000800152a        0xc ./Core/Src/stm32f1xx_it.o
                0x000000000800152a                SVC_Handler
 .text.DebugMon_Handler
                0x0000000008001536        0xc ./Core/Src/stm32f1xx_it.o
                0x0000000008001536                DebugMon_Handler
 .text.PendSV_Handler
                0x0000000008001542        0xc ./Core/Src/stm32f1xx_it.o
                0x0000000008001542                PendSV_Handler
 .text.SysTick_Handler
                0x000000000800154e        0xc ./Core/Src/stm32f1xx_it.o
                0x000000000800154e                SysTick_Handler
 *fill*         0x000000000800155a        0x2 
 .text.TIM2_IRQHandler
                0x000000000800155c       0x14 ./Core/Src/stm32f1xx_it.o
                0x000000000800155c                TIM2_IRQHandler
 .text.SystemInit
                0x0000000008001570        0xc ./Core/Src/system_stm32f1xx.o
                0x0000000008001570                SystemInit
 .text.setRed_horizontal
                0x000000000800157c       0x2c ./Core/Src/traffic_light.o
                0x000000000800157c                setRed_horizontal
 .text.setGreen_horizontal
                0x00000000080015a8       0x2c ./Core/Src/traffic_light.o
                0x00000000080015a8                setGreen_horizontal
 .text.setYellow_horizontal
                0x00000000080015d4       0x2c ./Core/Src/traffic_light.o
                0x00000000080015d4                setYellow_horizontal
 .text.setRed_vertical
                0x0000000008001600       0x30 ./Core/Src/traffic_light.o
                0x0000000008001600                setRed_vertical
 .text.setGreen_vertical
                0x0000000008001630       0x30 ./Core/Src/traffic_light.o
                0x0000000008001630                setGreen_vertical
 .text.setYellow_vertical
                0x0000000008001660       0x30 ./Core/Src/traffic_light.o
                0x0000000008001660                setYellow_vertical
 .text.toggleLedRed
                0x0000000008001690       0x14 ./Core/Src/traffic_light.o
                0x0000000008001690                toggleLedRed
 .text.toggleRed_horizontal
                0x00000000080016a4       0x14 ./Core/Src/traffic_light.o
                0x00000000080016a4                toggleRed_horizontal
 .text.toggleGreen_horizontal
                0x00000000080016b8       0x14 ./Core/Src/traffic_light.o
                0x00000000080016b8                toggleGreen_horizontal
 .text.toggleYellow_horizontal
                0x00000000080016cc       0x14 ./Core/Src/traffic_light.o
                0x00000000080016cc                toggleYellow_horizontal
 .text.toggleRed_vertical
                0x00000000080016e0       0x18 ./Core/Src/traffic_light.o
                0x00000000080016e0                toggleRed_vertical
 .text.toggleGreen_vertical
                0x00000000080016f8       0x18 ./Core/Src/traffic_light.o
                0x00000000080016f8                toggleGreen_vertical
 .text.toggleYellow_vertical
                0x0000000008001710       0x18 ./Core/Src/traffic_light.o
                0x0000000008001710                toggleYellow_vertical
 .text.offGreenYellow_horizontal
                0x0000000008001728       0x20 ./Core/Src/traffic_light.o
                0x0000000008001728                offGreenYellow_horizontal
 .text.offGreenRed_horizontal
                0x0000000008001748       0x20 ./Core/Src/traffic_light.o
                0x0000000008001748                offGreenRed_horizontal
 .text.offRedYellow_horizontal
                0x0000000008001768       0x20 ./Core/Src/traffic_light.o
                0x0000000008001768                offRedYellow_horizontal
 .text.offGreenYellow_vertical
                0x0000000008001788       0x24 ./Core/Src/traffic_light.o
                0x0000000008001788                offGreenYellow_vertical
 .text.offGreenRed_vertical
                0x00000000080017ac       0x24 ./Core/Src/traffic_light.o
                0x00000000080017ac                offGreenRed_vertical
 .text.offRedYellow_vertical
                0x00000000080017d0       0x24 ./Core/Src/traffic_light.o
                0x00000000080017d0                offRedYellow_vertical
 .text.display7SEG_horizontal
                0x00000000080017f4      0x320 ./Core/Src/traffic_light.o
                0x00000000080017f4                display7SEG_horizontal
 .text.display7SEG_vertical
                0x0000000008001b14      0x39c ./Core/Src/traffic_light.o
                0x0000000008001b14                display7SEG_vertical
 .text.Reset_Handler
                0x0000000008001eb0       0x48 ./Core/Startup/startup_stm32f103c6ux.o
                0x0000000008001eb0                Reset_Handler
 .text.Default_Handler
                0x0000000008001ef8        0x2 ./Core/Startup/startup_stm32f103c6ux.o
                0x0000000008001ef8                RTC_Alarm_IRQHandler
                0x0000000008001ef8                EXTI2_IRQHandler
                0x0000000008001ef8                TIM1_CC_IRQHandler
                0x0000000008001ef8                PVD_IRQHandler
                0x0000000008001ef8                EXTI3_IRQHandler
                0x0000000008001ef8                EXTI0_IRQHandler
                0x0000000008001ef8                ADC1_2_IRQHandler
                0x0000000008001ef8                SPI1_IRQHandler
                0x0000000008001ef8                TAMPER_IRQHandler
                0x0000000008001ef8                DMA1_Channel4_IRQHandler
                0x0000000008001ef8                RTC_IRQHandler
                0x0000000008001ef8                DMA1_Channel7_IRQHandler
                0x0000000008001ef8                CAN1_RX1_IRQHandler
                0x0000000008001ef8                I2C1_EV_IRQHandler
                0x0000000008001ef8                DMA1_Channel6_IRQHandler
                0x0000000008001ef8                TIM3_IRQHandler
                0x0000000008001ef8                RCC_IRQHandler
                0x0000000008001ef8                TIM1_TRG_COM_IRQHandler
                0x0000000008001ef8                DMA1_Channel1_IRQHandler
                0x0000000008001ef8                Default_Handler
                0x0000000008001ef8                EXTI15_10_IRQHandler
                0x0000000008001ef8                EXTI9_5_IRQHandler
                0x0000000008001ef8                DMA1_Channel5_IRQHandler
                0x0000000008001ef8                EXTI4_IRQHandler
                0x0000000008001ef8                USB_LP_CAN1_RX0_IRQHandler
                0x0000000008001ef8                USB_HP_CAN1_TX_IRQHandler
                0x0000000008001ef8                DMA1_Channel3_IRQHandler
                0x0000000008001ef8                TIM1_UP_IRQHandler
                0x0000000008001ef8                WWDG_IRQHandler
                0x0000000008001ef8                TIM1_BRK_IRQHandler
                0x0000000008001ef8                EXTI1_IRQHandler
                0x0000000008001ef8                USART2_IRQHandler
                0x0000000008001ef8                DMA1_Channel2_IRQHandler
                0x0000000008001ef8                CAN1_SCE_IRQHandler
                0x0000000008001ef8                FLASH_IRQHandler
                0x0000000008001ef8                USART1_IRQHandler
                0x0000000008001ef8                I2C1_ER_IRQHandler
                0x0000000008001ef8                USBWakeUp_IRQHandler
 *fill*         0x0000000008001efa        0x2 
 .text.HAL_Init
                0x0000000008001efc       0x2c ./Drivers/STM32F1xx_HAL_Driver/Src/stm32f1xx_hal.o
                0x0000000008001efc                HAL_Init
 .text.HAL_InitTick
                0x0000000008001f28       0x60 ./Drivers/STM32F1xx_HAL_Driver/Src/stm32f1xx_hal.o
                0x0000000008001f28                HAL_InitTick
 .text.HAL_IncTick
                0x0000000008001f88       0x24 ./Drivers/STM32F1xx_HAL_Driver/Src/stm32f1xx_hal.o
                0x0000000008001f88                HAL_IncTick
 .text.HAL_GetTick
                0x0000000008001fac       0x14 ./Drivers/STM32F1xx_HAL_Driver/Src/stm32f1xx_hal.o
                0x0000000008001fac                HAL_GetTick
 .text.__NVIC_SetPriorityGrouping
                0x0000000008001fc0       0x48 ./Drivers/STM32F1xx_HAL_Driver/Src/stm32f1xx_hal_cortex.o
 .text.__NVIC_GetPriorityGrouping
                0x0000000008002008       0x1c ./Drivers/STM32F1xx_HAL_Driver/Src/stm32f1xx_hal_cortex.o
 .text.__NVIC_EnableIRQ
                0x0000000008002024       0x38 ./Drivers/STM32F1xx_HAL_Driver/Src/stm32f1xx_hal_cortex.o
 .text.__NVIC_SetPriority
                0x000000000800205c       0x54 ./Drivers/STM32F1xx_HAL_Driver/Src/stm32f1xx_hal_cortex.o
 .text.NVIC_EncodePriority
                0x00000000080020b0       0x64 ./Drivers/STM32F1xx_HAL_Driver/Src/stm32f1xx_hal_cortex.o
 .text.SysTick_Config
                0x0000000008002114       0x44 ./Drivers/STM32F1xx_HAL_Driver/Src/stm32f1xx_hal_cortex.o
 .text.HAL_NVIC_SetPriorityGrouping
                0x0000000008002158       0x16 ./Drivers/STM32F1xx_HAL_Driver/Src/stm32f1xx_hal_cortex.o
                0x0000000008002158                HAL_NVIC_SetPriorityGrouping
 .text.HAL_NVIC_SetPriority
                0x000000000800216e       0x38 ./Drivers/STM32F1xx_HAL_Driver/Src/stm32f1xx_hal_cortex.o
                0x000000000800216e                HAL_NVIC_SetPriority
 .text.HAL_NVIC_EnableIRQ
                0x00000000080021a6       0x1c ./Drivers/STM32F1xx_HAL_Driver/Src/stm32f1xx_hal_cortex.o
                0x00000000080021a6                HAL_NVIC_EnableIRQ
 .text.HAL_SYSTICK_Config
                0x00000000080021c2       0x18 ./Drivers/STM32F1xx_HAL_Driver/Src/stm32f1xx_hal_cortex.o
                0x00000000080021c2                HAL_SYSTICK_Config
 *fill*         0x00000000080021da        0x2 
 .text.HAL_GPIO_Init
                0x00000000080021dc      0x2f4 ./Drivers/STM32F1xx_HAL_Driver/Src/stm32f1xx_hal_gpio.o
                0x00000000080021dc                HAL_GPIO_Init
 .text.HAL_GPIO_ReadPin
                0x00000000080024d0       0x2e ./Drivers/STM32F1xx_HAL_Driver/Src/stm32f1xx_hal_gpio.o
                0x00000000080024d0                HAL_GPIO_ReadPin
 .text.HAL_GPIO_WritePin
                0x00000000080024fe       0x30 ./Drivers/STM32F1xx_HAL_Driver/Src/stm32f1xx_hal_gpio.o
                0x00000000080024fe                HAL_GPIO_WritePin
 .text.HAL_GPIO_TogglePin
                0x000000000800252e       0x32 ./Drivers/STM32F1xx_HAL_Driver/Src/stm32f1xx_hal_gpio.o
                0x000000000800252e                HAL_GPIO_TogglePin
 .text.HAL_RCC_OscConfig
                0x0000000008002560      0x500 ./Drivers/STM32F1xx_HAL_Driver/Src/stm32f1xx_hal_rcc.o
                0x0000000008002560                HAL_RCC_OscConfig
 .text.HAL_RCC_ClockConfig
                0x0000000008002a60      0x1d4 ./Drivers/STM32F1xx_HAL_Driver/Src/stm32f1xx_hal_rcc.o
                0x0000000008002a60                HAL_RCC_ClockConfig
 .text.HAL_RCC_GetSysClockFreq
                0x0000000008002c34       0xa8 ./Drivers/STM32F1xx_HAL_Driver/Src/stm32f1xx_hal_rcc.o
                0x0000000008002c34                HAL_RCC_GetSysClockFreq
 .text.RCC_Delay
                0x0000000008002cdc       0x3c ./Drivers/STM32F1xx_HAL_Driver/Src/stm32f1xx_hal_rcc.o
 .text.HAL_TIM_Base_Init
                0x0000000008002d18       0x9e ./Drivers/STM32F1xx_HAL_Driver/Src/stm32f1xx_hal_tim.o
                0x0000000008002d18                HAL_TIM_Base_Init
 *fill*         0x0000000008002db6        0x2 
 .text.HAL_TIM_Base_Start_IT
                0x0000000008002db8       0x98 ./Drivers/STM32F1xx_HAL_Driver/Src/stm32f1xx_hal_tim.o
                0x0000000008002db8                HAL_TIM_Base_Start_IT
 .text.HAL_TIM_IRQHandler
                0x0000000008002e50      0x1e0 ./Drivers/STM32F1xx_HAL_Driver/Src/stm32f1xx_hal_tim.o
                0x0000000008002e50                HAL_TIM_IRQHandler
 .text.HAL_TIM_ConfigClockSource
                0x0000000008003030      0x18e ./Drivers/STM32F1xx_HAL_Driver/Src/stm32f1xx_hal_tim.o
                0x0000000008003030                HAL_TIM_ConfigClockSource
 .text.HAL_TIM_OC_DelayElapsedCallback
                0x00000000080031be       0x12 ./Drivers/STM32F1xx_HAL_Driver/Src/stm32f1xx_hal_tim.o
                0x00000000080031be                HAL_TIM_OC_DelayElapsedCallback
 .text.HAL_TIM_IC_CaptureCallback
                0x00000000080031d0       0x12 ./Drivers/STM32F1xx_HAL_Driver/Src/stm32f1xx_hal_tim.o
                0x00000000080031d0                HAL_TIM_IC_CaptureCallback
 .text.HAL_TIM_PWM_PulseFinishedCallback
                0x00000000080031e2       0x12 ./Drivers/STM32F1xx_HAL_Driver/Src/stm32f1xx_hal_tim.o
                0x00000000080031e2                HAL_TIM_PWM_PulseFinishedCallback
 .text.HAL_TIM_TriggerCallback
                0x00000000080031f4       0x12 ./Drivers/STM32F1xx_HAL_Driver/Src/stm32f1xx_hal_tim.o
                0x00000000080031f4                HAL_TIM_TriggerCallback
 *fill*         0x0000000008003206        0x2 
 .text.TIM_Base_SetConfig
                0x0000000008003208       0xc8 ./Drivers/STM32F1xx_HAL_Driver/Src/stm32f1xx_hal_tim.o
                0x0000000008003208                TIM_Base_SetConfig
 .text.TIM_TI1_ConfigInputStage
                0x00000000080032d0       0x5c ./Drivers/STM32F1xx_HAL_Driver/Src/stm32f1xx_hal_tim.o
 .text.TIM_TI2_ConfigInputStage
                0x000000000800332c       0x5e ./Drivers/STM32F1xx_HAL_Driver/Src/stm32f1xx_hal_tim.o
 .text.TIM_ITRx_SetConfig
                0x000000000800338a       0x34 ./Drivers/STM32F1xx_HAL_Driver/Src/stm32f1xx_hal_tim.o
 .text.TIM_ETR_SetConfig
                0x00000000080033be       0x3e ./Drivers/STM32F1xx_HAL_Driver/Src/stm32f1xx_hal_tim.o
                0x00000000080033be                TIM_ETR_SetConfig
 .text.HAL_TIMEx_MasterConfigSynchronization
                0x00000000080033fc       0xb0 ./Drivers/STM32F1xx_HAL_Driver/Src/stm32f1xx_hal_tim_ex.o
                0x00000000080033fc                HAL_TIMEx_MasterConfigSynchronization
 .text.HAL_TIMEx_CommutCallback
                0x00000000080034ac       0x12 ./Drivers/STM32F1xx_HAL_Driver/Src/stm32f1xx_hal_tim_ex.o
                0x00000000080034ac                HAL_TIMEx_CommutCallback
 .text.HAL_TIMEx_BreakCallback
                0x00000000080034be       0x12 ./Drivers/STM32F1xx_HAL_Driver/Src/stm32f1xx_hal_tim_ex.o
                0x00000000080034be                HAL_TIMEx_BreakCallback
 .text.__libc_init_array
                0x00000000080034d0       0x48 d:/vi xu ly vi di e zu ka hi en/stm32cubeide_1.7.0/stm32cubeide/plugins/com.st.stm32cube.ide.mcu.externaltools.gnu-tools-for-stm32.9-2020-q2-update.win32_2.0.0.202105311346/tools/bin/../lib/gcc/arm-none-eabi/9.3.1/../../../../arm-none-eabi/lib/thumb/v7-m/nofp\libc_nano.a(lib_a-init.o)
                0x00000000080034d0                __libc_init_array
 .text.memset   0x0000000008003518       0x10 d:/vi xu ly vi di e zu ka hi en/stm32cubeide_1.7.0/stm32cubeide/plugins/com.st.stm32cube.ide.mcu.externaltools.gnu-tools-for-stm32.9-2020-q2-update.win32_2.0.0.202105311346/tools/bin/../lib/gcc/arm-none-eabi/9.3.1/../../../../arm-none-eabi/lib/thumb/v7-m/nofp\libc_nano.a(lib_a-memset.o)
                0x0000000008003518                memset
 *(.glue_7)
 .glue_7        0x0000000008003528        0x0 linker stubs
 *(.glue_7t)
 .glue_7t       0x0000000008003528        0x0 linker stubs
 *(.eh_frame)
 .eh_frame      0x0000000008003528        0x0 d:/vi xu ly vi di e zu ka hi en/stm32cubeide_1.7.0/stm32cubeide/plugins/com.st.stm32cube.ide.mcu.externaltools.gnu-tools-for-stm32.9-2020-q2-update.win32_2.0.0.202105311346/tools/bin/../lib/gcc/arm-none-eabi/9.3.1/thumb/v7-m/nofp/crtbegin.o
 *(.init)
 .init          0x0000000008003528        0x4 d:/vi xu ly vi di e zu ka hi en/stm32cubeide_1.7.0/stm32cubeide/plugins/com.st.stm32cube.ide.mcu.externaltools.gnu-tools-for-stm32.9-2020-q2-update.win32_2.0.0.202105311346/tools/bin/../lib/gcc/arm-none-eabi/9.3.1/thumb/v7-m/nofp/crti.o
                0x0000000008003528                _init
 .init          0x000000000800352c        0x8 d:/vi xu ly vi di e zu ka hi en/stm32cubeide_1.7.0/stm32cubeide/plugins/com.st.stm32cube.ide.mcu.externaltools.gnu-tools-for-stm32.9-2020-q2-update.win32_2.0.0.202105311346/tools/bin/../lib/gcc/arm-none-eabi/9.3.1/thumb/v7-m/nofp/crtn.o
 *(.fini)
 .fini          0x0000000008003534        0x4 d:/vi xu ly vi di e zu ka hi en/stm32cubeide_1.7.0/stm32cubeide/plugins/com.st.stm32cube.ide.mcu.externaltools.gnu-tools-for-stm32.9-2020-q2-update.win32_2.0.0.202105311346/tools/bin/../lib/gcc/arm-none-eabi/9.3.1/thumb/v7-m/nofp/crti.o
                0x0000000008003534                _fini
 .fini          0x0000000008003538        0x8 d:/vi xu ly vi di e zu ka hi en/stm32cubeide_1.7.0/stm32cubeide/plugins/com.st.stm32cube.ide.mcu.externaltools.gnu-tools-for-stm32.9-2020-q2-update.win32_2.0.0.202105311346/tools/bin/../lib/gcc/arm-none-eabi/9.3.1/thumb/v7-m/nofp/crtn.o
                0x0000000008003540                . = ALIGN (0x4)
                0x0000000008003540                _etext = .

.vfp11_veneer   0x0000000008003540        0x0
 .vfp11_veneer  0x0000000008003540        0x0 linker stubs

.v4_bx          0x0000000008003540        0x0
 .v4_bx         0x0000000008003540        0x0 linker stubs

.iplt           0x0000000008003540        0x0
 .iplt          0x0000000008003540        0x0 d:/vi xu ly vi di e zu ka hi en/stm32cubeide_1.7.0/stm32cubeide/plugins/com.st.stm32cube.ide.mcu.externaltools.gnu-tools-for-stm32.9-2020-q2-update.win32_2.0.0.202105311346/tools/bin/../lib/gcc/arm-none-eabi/9.3.1/thumb/v7-m/nofp/crtbegin.o

.rodata         0x0000000008003540       0x24
                0x0000000008003540                . = ALIGN (0x4)
 *(.rodata)
 *(.rodata*)
 .rodata.AHBPrescTable
                0x0000000008003540       0x10 ./Core/Src/system_stm32f1xx.o
                0x0000000008003540                AHBPrescTable
 .rodata.aPLLMULFactorTable.6032
                0x0000000008003550       0x10 ./Drivers/STM32F1xx_HAL_Driver/Src/stm32f1xx_hal_rcc.o
 .rodata.aPredivFactorTable.6033
                0x0000000008003560        0x2 ./Drivers/STM32F1xx_HAL_Driver/Src/stm32f1xx_hal_rcc.o
                0x0000000008003564                . = ALIGN (0x4)
 *fill*         0x0000000008003562        0x2 

.rel.dyn        0x0000000008003564        0x0
 .rel.iplt      0x0000000008003564        0x0 d:/vi xu ly vi di e zu ka hi en/stm32cubeide_1.7.0/stm32cubeide/plugins/com.st.stm32cube.ide.mcu.externaltools.gnu-tools-for-stm32.9-2020-q2-update.win32_2.0.0.202105311346/tools/bin/../lib/gcc/arm-none-eabi/9.3.1/thumb/v7-m/nofp/crtbegin.o

.ARM.extab      0x0000000008003564        0x0
                0x0000000008003564                . = ALIGN (0x4)
 *(.ARM.extab* .gnu.linkonce.armextab.*)
                0x0000000008003564                . = ALIGN (0x4)

.ARM            0x0000000008003564        0x0
                0x0000000008003564                . = ALIGN (0x4)
                0x0000000008003564                __exidx_start = .
 *(.ARM.exidx*)
                0x0000000008003564                __exidx_end = .
                0x0000000008003564                . = ALIGN (0x4)

.preinit_array  0x0000000008003564        0x0
                0x0000000008003564                . = ALIGN (0x4)
                0x0000000008003564                PROVIDE (__preinit_array_start = .)
 *(.preinit_array*)
                0x0000000008003564                PROVIDE (__preinit_array_end = .)
                0x0000000008003564                . = ALIGN (0x4)

.init_array     0x0000000008003564        0x4
                0x0000000008003564                . = ALIGN (0x4)
                0x0000000008003564                PROVIDE (__init_array_start = .)
 *(SORT_BY_NAME(.init_array.*))
 *(.init_array*)
 .init_array    0x0000000008003564        0x4 d:/vi xu ly vi di e zu ka hi en/stm32cubeide_1.7.0/stm32cubeide/plugins/com.st.stm32cube.ide.mcu.externaltools.gnu-tools-for-stm32.9-2020-q2-update.win32_2.0.0.202105311346/tools/bin/../lib/gcc/arm-none-eabi/9.3.1/thumb/v7-m/nofp/crtbegin.o
                0x0000000008003568                PROVIDE (__init_array_end = .)
                0x0000000008003568                . = ALIGN (0x4)

.fini_array     0x0000000008003568        0x4
                0x0000000008003568                . = ALIGN (0x4)
                [!provide]                        PROVIDE (__fini_array_start = .)
 *(SORT_BY_NAME(.fini_array.*))
 *(.fini_array*)
 .fini_array    0x0000000008003568        0x4 d:/vi xu ly vi di e zu ka hi en/stm32cubeide_1.7.0/stm32cubeide/plugins/com.st.stm32cube.ide.mcu.externaltools.gnu-tools-for-stm32.9-2020-q2-update.win32_2.0.0.202105311346/tools/bin/../lib/gcc/arm-none-eabi/9.3.1/thumb/v7-m/nofp/crtbegin.o
                [!provide]                        PROVIDE (__fini_array_end = .)
                0x000000000800356c                . = ALIGN (0x4)
                0x000000000800356c                _sidata = LOADADDR (.data)

.data           0x0000000020000000       0x8c load address 0x000000000800356c
                0x0000000020000000                . = ALIGN (0x4)
                0x0000000020000000                _sdata = .
 *(.data)
 *(.data*)
 .data.KeyReg0  0x0000000020000000        0xc ./Core/Src/button.o
                0x0000000020000000                KeyReg0
 .data.KeyReg1  0x000000002000000c        0xc ./Core/Src/button.o
                0x000000002000000c                KeyReg1
 .data.KeyReg2  0x0000000020000018        0xc ./Core/Src/button.o
                0x0000000020000018                KeyReg2
 .data.KeyReg3  0x0000000020000024        0xc ./Core/Src/button.o
                0x0000000020000024                KeyReg3
 .data.TimerForKeyPress
                0x0000000020000030        0x4 ./Core/Src/button.o
                0x0000000020000030                TimerForKeyPress
 .data.status_7SEG_horizontal
                0x0000000020000034        0x4 ./Core/Src/fsm_7SEG_horizontal.o
                0x0000000020000034                status_7SEG_horizontal
 .data.status_7SEG_vertical
                0x0000000020000038        0x4 ./Core/Src/fsm_7SEG_vertical.o
                0x0000000020000038                status_7SEG_vertical
 .data.status_traffic_blink_horizontal
                0x000000002000003c        0x4 ./Core/Src/fsm_traffic_blink.o
                0x000000002000003c                status_traffic_blink_horizontal
 .data.status_traffic_blink_vertical
                0x0000000020000040        0x4 ./Core/Src/fsm_traffic_blink.o
                0x0000000020000040                status_traffic_blink_vertical
 .data.status_traffic_horizontal
                0x0000000020000044        0x4 ./Core/Src/fsm_traffic_horizontal.o
                0x0000000020000044                status_traffic_horizontal
 .data.status_traffic_vertical
                0x0000000020000048        0x4 ./Core/Src/fsm_traffic_vertical.o
                0x0000000020000048                status_traffic_vertical
 .data.time_red_horizontal
                0x000000002000004c        0x4 ./Core/Src/global.o
                0x000000002000004c                time_red_horizontal
 .data.time_green_horizontal
                0x0000000020000050        0x4 ./Core/Src/global.o
                0x0000000020000050                time_green_horizontal
 .data.time_yellow_horizontal
                0x0000000020000054        0x4 ./Core/Src/global.o
                0x0000000020000054                time_yellow_horizontal
 .data.time_red_horizontal_temp
                0x0000000020000058        0x4 ./Core/Src/global.o
                0x0000000020000058                time_red_horizontal_temp
 .data.time_green_horizontal_temp
                0x000000002000005c        0x4 ./Core/Src/global.o
                0x000000002000005c                time_green_horizontal_temp
 .data.time_yellow_horizontal_temp
                0x0000000020000060        0x4 ./Core/Src/global.o
                0x0000000020000060                time_yellow_horizontal_temp
 .data.time_green_vertical
                0x0000000020000064        0x4 ./Core/Src/global.o
                0x0000000020000064                time_green_vertical
 .data.time_yellow_vertical
                0x0000000020000068        0x4 ./Core/Src/global.o
                0x0000000020000068                time_yellow_vertical
 .data.time_red_vertical
                0x000000002000006c        0x4 ./Core/Src/global.o
                0x000000002000006c                time_red_vertical
 .data.time_green_vertical_temp
                0x0000000020000070        0x4 ./Core/Src/global.o
                0x0000000020000070                time_green_vertical_temp
 .data.time_yellow_vertical_temp
                0x0000000020000074        0x4 ./Core/Src/global.o
                0x0000000020000074                time_yellow_vertical_temp
 .data.time_red_vertical_temp
                0x0000000020000078        0x4 ./Core/Src/global.o
                0x0000000020000078                time_red_vertical_temp
 .data.TICK     0x000000002000007c        0x4 ./Core/Src/software_timer.o
                0x000000002000007c                TICK
 .data.SystemCoreClock
                0x0000000020000080        0x4 ./Core/Src/system_stm32f1xx.o
                0x0000000020000080                SystemCoreClock
 .data.uwTickPrio
                0x0000000020000084        0x4 ./Drivers/STM32F1xx_HAL_Driver/Src/stm32f1xx_hal.o
                0x0000000020000084                uwTickPrio
 .data.uwTickFreq
                0x0000000020000088        0x1 ./Drivers/STM32F1xx_HAL_Driver/Src/stm32f1xx_hal.o
                0x0000000020000088                uwTickFreq
 *(.RamFunc)
 *(.RamFunc*)
                0x000000002000008c                . = ALIGN (0x4)
 *fill*         0x0000000020000089        0x3 
                0x000000002000008c                _edata = .

.igot.plt       0x000000002000008c        0x0 load address 0x00000000080035f8
 .igot.plt      0x000000002000008c        0x0 d:/vi xu ly vi di e zu ka hi en/stm32cubeide_1.7.0/stm32cubeide/plugins/com.st.stm32cube.ide.mcu.externaltools.gnu-tools-for-stm32.9-2020-q2-update.win32_2.0.0.202105311346/tools/bin/../lib/gcc/arm-none-eabi/9.3.1/thumb/v7-m/nofp/crtbegin.o
                0x000000002000008c                . = ALIGN (0x4)

.bss            0x000000002000008c       0xf8 load address 0x00000000080035f8
                0x000000002000008c                _sbss = .
                0x000000002000008c                __bss_start__ = _sbss
 *(.bss)
 .bss           0x000000002000008c       0x1c d:/vi xu ly vi di e zu ka hi en/stm32cubeide_1.7.0/stm32cubeide/plugins/com.st.stm32cube.ide.mcu.externaltools.gnu-tools-for-stm32.9-2020-q2-update.win32_2.0.0.202105311346/tools/bin/../lib/gcc/arm-none-eabi/9.3.1/thumb/v7-m/nofp/crtbegin.o
 *(.bss*)
 .bss.button1_flag
                0x00000000200000a8        0x4 ./Core/Src/button.o
                0x00000000200000a8                button1_flag
 .bss.button2_flag
                0x00000000200000ac        0x4 ./Core/Src/button.o
                0x00000000200000ac                button2_flag
 .bss.button3_flag
                0x00000000200000b0        0x4 ./Core/Src/button.o
                0x00000000200000b0                button3_flag
 .bss.status_system
                0x00000000200000b4        0x4 ./Core/Src/global.o
                0x00000000200000b4                status_system
 .bss.index_horizontal
                0x00000000200000b8        0x4 ./Core/Src/global.o
                0x00000000200000b8                index_horizontal
 .bss.index_vertical
                0x00000000200000bc        0x4 ./Core/Src/global.o
                0x00000000200000bc                index_vertical
 .bss.timer1_flag
                0x00000000200000c0        0x4 ./Core/Src/software_timer.o
                0x00000000200000c0                timer1_flag
 .bss.timer1_counter
                0x00000000200000c4        0x4 ./Core/Src/software_timer.o
                0x00000000200000c4                timer1_counter
 .bss.timer2_flag
                0x00000000200000c8        0x4 ./Core/Src/software_timer.o
                0x00000000200000c8                timer2_flag
 .bss.timer2_counter
                0x00000000200000cc        0x4 ./Core/Src/software_timer.o
                0x00000000200000cc                timer2_counter
 .bss.timer3_flag
                0x00000000200000d0        0x4 ./Core/Src/software_timer.o
                0x00000000200000d0                timer3_flag
 .bss.timer3_counter
                0x00000000200000d4        0x4 ./Core/Src/software_timer.o
                0x00000000200000d4                timer3_counter
 .bss.timer4_flag
                0x00000000200000d8        0x4 ./Core/Src/software_timer.o
                0x00000000200000d8                timer4_flag
 .bss.timer4_counter
                0x00000000200000dc        0x4 ./Core/Src/software_timer.o
                0x00000000200000dc                timer4_counter
 .bss.timer5_flag
                0x00000000200000e0        0x4 ./Core/Src/software_timer.o
                0x00000000200000e0                timer5_flag
 .bss.timer5_counter
                0x00000000200000e4        0x4 ./Core/Src/software_timer.o
                0x00000000200000e4                timer5_counter
 .bss.timer6_flag
                0x00000000200000e8        0x4 ./Core/Src/software_timer.o
                0x00000000200000e8                timer6_flag
 .bss.timer6_counter
                0x00000000200000ec        0x4 ./Core/Src/software_timer.o
                0x00000000200000ec                timer6_counter
 .bss.timer7_flag
                0x00000000200000f0        0x4 ./Core/Src/software_timer.o
                0x00000000200000f0                timer7_flag
 .bss.timer7_counter
                0x00000000200000f4        0x4 ./Core/Src/software_timer.o
                0x00000000200000f4                timer7_counter
 .bss.timer8_flag
                0x00000000200000f8        0x4 ./Core/Src/software_timer.o
                0x00000000200000f8                timer8_flag
 .bss.timer8_counter
                0x00000000200000fc        0x4 ./Core/Src/software_timer.o
                0x00000000200000fc                timer8_counter
 .bss.timer9_flag
                0x0000000020000100        0x4 ./Core/Src/software_timer.o
                0x0000000020000100                timer9_flag
 .bss.timer9_counter
                0x0000000020000104        0x4 ./Core/Src/software_timer.o
                0x0000000020000104                timer9_counter
 .bss.timer10_flag
                0x0000000020000108        0x4 ./Core/Src/software_timer.o
                0x0000000020000108                timer10_flag
 .bss.timer10_counter
                0x000000002000010c        0x4 ./Core/Src/software_timer.o
                0x000000002000010c                timer10_counter
 .bss.traffic_buffer_horizontal
                0x0000000020000110        0xc ./Core/Src/traffic_buffer.o
                0x0000000020000110                traffic_buffer_horizontal
 .bss.traffic_buffer_vertical
                0x000000002000011c        0xc ./Core/Src/traffic_buffer.o
                0x000000002000011c                traffic_buffer_vertical
 .bss._7SEG_buffer_horizontal
                0x0000000020000128        0x8 ./Core/Src/traffic_buffer.o
                0x0000000020000128                _7SEG_buffer_horizontal
 .bss._7SEG_buffer_vertical
                0x0000000020000130        0x8 ./Core/Src/traffic_buffer.o
                0x0000000020000130                _7SEG_buffer_vertical
 *(COMMON)
 COMMON         0x0000000020000138       0x48 ./Core/Src/main.o
                0x0000000020000138                htim2
 COMMON         0x0000000020000180        0x4 ./Drivers/STM32F1xx_HAL_Driver/Src/stm32f1xx_hal.o
                0x0000000020000180                uwTick
                0x0000000020000184                . = ALIGN (0x4)
                0x0000000020000184                _ebss = .
                0x0000000020000184                __bss_end__ = _ebss

._user_heap_stack
                0x0000000020000184      0x604 load address 0x00000000080035f8
                0x0000000020000188                . = ALIGN (0x8)
 *fill*         0x0000000020000184        0x4 
                [!provide]                        PROVIDE (end = .)
                0x0000000020000188                PROVIDE (_end = .)
                0x0000000020000388                . = (. + _Min_Heap_Size)
 *fill*         0x0000000020000188      0x200 
                0x0000000020000788                . = (. + _Min_Stack_Size)
 *fill*         0x0000000020000388      0x400 
                0x0000000020000788                . = ALIGN (0x8)

/DISCARD/
 libc.a(*)
 libm.a(*)
 libgcc.a(*)

.ARM.attributes
                0x0000000000000000       0x29
 *(.ARM.attributes)
 .ARM.attributes
                0x0000000000000000       0x1d d:/vi xu ly vi di e zu ka hi en/stm32cubeide_1.7.0/stm32cubeide/plugins/com.st.stm32cube.ide.mcu.externaltools.gnu-tools-for-stm32.9-2020-q2-update.win32_2.0.0.202105311346/tools/bin/../lib/gcc/arm-none-eabi/9.3.1/thumb/v7-m/nofp/crti.o
 .ARM.attributes
                0x000000000000001d       0x2d d:/vi xu ly vi di e zu ka hi en/stm32cubeide_1.7.0/stm32cubeide/plugins/com.st.stm32cube.ide.mcu.externaltools.gnu-tools-for-stm32.9-2020-q2-update.win32_2.0.0.202105311346/tools/bin/../lib/gcc/arm-none-eabi/9.3.1/thumb/v7-m/nofp/crtbegin.o
 .ARM.attributes
                0x000000000000004a       0x2d ./Core/Src/button.o
 .ARM.attributes
                0x0000000000000077       0x2d ./Core/Src/control_7SEG.o
 .ARM.attributes
                0x00000000000000a4       0x2d ./Core/Src/fsm_7SEG_horizontal.o
 .ARM.attributes
                0x00000000000000d1       0x2d ./Core/Src/fsm_7SEG_vertical.o
 .ARM.attributes
                0x00000000000000fe       0x2d ./Core/Src/fsm_system.o
 .ARM.attributes
                0x000000000000012b       0x2d ./Core/Src/fsm_traffic_blink.o
 .ARM.attributes
                0x0000000000000158       0x2d ./Core/Src/fsm_traffic_horizontal.o
 .ARM.attributes
                0x0000000000000185       0x2d ./Core/Src/fsm_traffic_vertical.o
 .ARM.attributes
                0x00000000000001b2       0x33 ./Core/Src/global.o
 .ARM.attributes
                0x00000000000001e5       0x2d ./Core/Src/main.o
 .ARM.attributes
                0x0000000000000212       0x2d ./Core/Src/software_timer.o
 .ARM.attributes
                0x000000000000023f       0x2d ./Core/Src/stm32f1xx_hal_msp.o
 .ARM.attributes
                0x000000000000026c       0x2d ./Core/Src/stm32f1xx_it.o
 .ARM.attributes
                0x0000000000000299       0x2d ./Core/Src/system_stm32f1xx.o
 .ARM.attributes
                0x00000000000002c6       0x33 ./Core/Src/traffic_buffer.o
 .ARM.attributes
                0x00000000000002f9       0x2d ./Core/Src/traffic_light.o
 .ARM.attributes
                0x0000000000000326       0x21 ./Core/Startup/startup_stm32f103c6ux.o
 .ARM.attributes
                0x0000000000000347       0x2d ./Drivers/STM32F1xx_HAL_Driver/Src/stm32f1xx_hal.o
 .ARM.attributes
                0x0000000000000374       0x2d ./Drivers/STM32F1xx_HAL_Driver/Src/stm32f1xx_hal_cortex.o
 .ARM.attributes
                0x00000000000003a1       0x2d ./Drivers/STM32F1xx_HAL_Driver/Src/stm32f1xx_hal_gpio.o
 .ARM.attributes
                0x00000000000003ce       0x2d ./Drivers/STM32F1xx_HAL_Driver/Src/stm32f1xx_hal_rcc.o
 .ARM.attributes
                0x00000000000003fb       0x2d ./Drivers/STM32F1xx_HAL_Driver/Src/stm32f1xx_hal_tim.o
 .ARM.attributes
                0x0000000000000428       0x2d ./Drivers/STM32F1xx_HAL_Driver/Src/stm32f1xx_hal_tim_ex.o
 .ARM.attributes
                0x0000000000000455       0x2d d:/vi xu ly vi di e zu ka hi en/stm32cubeide_1.7.0/stm32cubeide/plugins/com.st.stm32cube.ide.mcu.externaltools.gnu-tools-for-stm32.9-2020-q2-update.win32_2.0.0.202105311346/tools/bin/../lib/gcc/arm-none-eabi/9.3.1/../../../../arm-none-eabi/lib/thumb/v7-m/nofp\libc_nano.a(lib_a-init.o)
 .ARM.attributes
                0x0000000000000482       0x2d d:/vi xu ly vi di e zu ka hi en/stm32cubeide_1.7.0/stm32cubeide/plugins/com.st.stm32cube.ide.mcu.externaltools.gnu-tools-for-stm32.9-2020-q2-update.win32_2.0.0.202105311346/tools/bin/../lib/gcc/arm-none-eabi/9.3.1/../../../../arm-none-eabi/lib/thumb/v7-m/nofp\libc_nano.a(lib_a-memset.o)
 .ARM.attributes
                0x00000000000004af       0x1d d:/vi xu ly vi di e zu ka hi en/stm32cubeide_1.7.0/stm32cubeide/plugins/com.st.stm32cube.ide.mcu.externaltools.gnu-tools-for-stm32.9-2020-q2-update.win32_2.0.0.202105311346/tools/bin/../lib/gcc/arm-none-eabi/9.3.1/thumb/v7-m/nofp/crtn.o
OUTPUT(LAB_3.elf elf32-littlearm)
LOAD linker stubs
LOAD d:/vi xu ly vi di e zu ka hi en/stm32cubeide_1.7.0/stm32cubeide/plugins/com.st.stm32cube.ide.mcu.externaltools.gnu-tools-for-stm32.9-2020-q2-update.win32_2.0.0.202105311346/tools/bin/../lib/gcc/arm-none-eabi/9.3.1/../../../../arm-none-eabi/lib/thumb/v7-m/nofp\libc.a
LOAD d:/vi xu ly vi di e zu ka hi en/stm32cubeide_1.7.0/stm32cubeide/plugins/com.st.stm32cube.ide.mcu.externaltools.gnu-tools-for-stm32.9-2020-q2-update.win32_2.0.0.202105311346/tools/bin/../lib/gcc/arm-none-eabi/9.3.1/../../../../arm-none-eabi/lib/thumb/v7-m/nofp\libm.a
LOAD d:/vi xu ly vi di e zu ka hi en/stm32cubeide_1.7.0/stm32cubeide/plugins/com.st.stm32cube.ide.mcu.externaltools.gnu-tools-for-stm32.9-2020-q2-update.win32_2.0.0.202105311346/tools/bin/../lib/gcc/arm-none-eabi/9.3.1/thumb/v7-m/nofp\libgcc.a

.debug_info     0x0000000000000000     0xa5ee
 .debug_info    0x0000000000000000      0x33d ./Core/Src/button.o
 .debug_info    0x000000000000033d      0x2c5 ./Core/Src/control_7SEG.o
 .debug_info    0x0000000000000602      0x264 ./Core/Src/fsm_7SEG_horizontal.o
 .debug_info    0x0000000000000866      0x20d ./Core/Src/fsm_7SEG_vertical.o
 .debug_info    0x0000000000000a73      0x2de ./Core/Src/fsm_system.o
 .debug_info    0x0000000000000d51      0x290 ./Core/Src/fsm_traffic_blink.o
 .debug_info    0x0000000000000fe1      0x2c0 ./Core/Src/fsm_traffic_horizontal.o
 .debug_info    0x00000000000012a1      0x171 ./Core/Src/fsm_traffic_vertical.o
 .debug_info    0x0000000000001412      0x206 ./Core/Src/global.o
 .debug_info    0x0000000000001618      0xdab ./Core/Src/main.o
 .debug_info    0x00000000000023c3      0x3dd ./Core/Src/software_timer.o
 .debug_info    0x00000000000027a0      0xa09 ./Core/Src/stm32f1xx_hal_msp.o
 .debug_info    0x00000000000031a9      0x7b9 ./Core/Src/stm32f1xx_it.o
 .debug_info    0x0000000000003962      0x2be ./Core/Src/system_stm32f1xx.o
 .debug_info    0x0000000000003c20      0x16a ./Core/Src/traffic_buffer.o
 .debug_info    0x0000000000003d8a      0x3f3 ./Core/Src/traffic_light.o
 .debug_info    0x000000000000417d       0x22 ./Core/Startup/startup_stm32f103c6ux.o
 .debug_info    0x000000000000419f      0x74c ./Drivers/STM32F1xx_HAL_Driver/Src/stm32f1xx_hal.o
 .debug_info    0x00000000000048eb      0xbbe ./Drivers/STM32F1xx_HAL_Driver/Src/stm32f1xx_hal_cortex.o
 .debug_info    0x00000000000054a9      0x701 ./Drivers/STM32F1xx_HAL_Driver/Src/stm32f1xx_hal_gpio.o
 .debug_info    0x0000000000005baa      0x893 ./Drivers/STM32F1xx_HAL_Driver/Src/stm32f1xx_hal_rcc.o
 .debug_info    0x000000000000643d     0x2c32 ./Drivers/STM32F1xx_HAL_Driver/Src/stm32f1xx_hal_tim.o
 .debug_info    0x000000000000906f     0x157f ./Drivers/STM32F1xx_HAL_Driver/Src/stm32f1xx_hal_tim_ex.o

.debug_abbrev   0x0000000000000000     0x1d0a
 .debug_abbrev  0x0000000000000000      0x13f ./Core/Src/button.o
 .debug_abbrev  0x000000000000013f      0x125 ./Core/Src/control_7SEG.o
 .debug_abbrev  0x0000000000000264       0x79 ./Core/Src/fsm_7SEG_horizontal.o
 .debug_abbrev  0x00000000000002dd       0x5c ./Core/Src/fsm_7SEG_vertical.o
 .debug_abbrev  0x0000000000000339       0xb6 ./Core/Src/fsm_system.o
 .debug_abbrev  0x00000000000003ef       0x79 ./Core/Src/fsm_traffic_blink.o
 .debug_abbrev  0x0000000000000468       0xc5 ./Core/Src/fsm_traffic_horizontal.o
 .debug_abbrev  0x000000000000052d       0x5c ./Core/Src/fsm_traffic_vertical.o
 .debug_abbrev  0x0000000000000589       0x5d ./Core/Src/global.o
 .debug_abbrev  0x00000000000005e6      0x248 ./Core/Src/main.o
 .debug_abbrev  0x000000000000082e       0xa3 ./Core/Src/software_timer.o
 .debug_abbrev  0x00000000000008d1      0x1b7 ./Core/Src/stm32f1xx_hal_msp.o
 .debug_abbrev  0x0000000000000a88      0x176 ./Core/Src/stm32f1xx_it.o
 .debug_abbrev  0x0000000000000bfe      0x14e ./Core/Src/system_stm32f1xx.o
 .debug_abbrev  0x0000000000000d4c       0x6a ./Core/Src/traffic_buffer.o
 .debug_abbrev  0x0000000000000db6      0x123 ./Core/Src/traffic_light.o
 .debug_abbrev  0x0000000000000ed9       0x12 ./Core/Startup/startup_stm32f103c6ux.o
 .debug_abbrev  0x0000000000000eeb      0x1ed ./Drivers/STM32F1xx_HAL_Driver/Src/stm32f1xx_hal.o
 .debug_abbrev  0x00000000000010d8      0x313 ./Drivers/STM32F1xx_HAL_Driver/Src/stm32f1xx_hal_cortex.o
 .debug_abbrev  0x00000000000013eb      0x1e8 ./Drivers/STM32F1xx_HAL_Driver/Src/stm32f1xx_hal_gpio.o
 .debug_abbrev  0x00000000000015d3      0x273 ./Drivers/STM32F1xx_HAL_Driver/Src/stm32f1xx_hal_rcc.o
 .debug_abbrev  0x0000000000001846      0x25e ./Drivers/STM32F1xx_HAL_Driver/Src/stm32f1xx_hal_tim.o
 .debug_abbrev  0x0000000000001aa4      0x266 ./Drivers/STM32F1xx_HAL_Driver/Src/stm32f1xx_hal_tim_ex.o

.debug_aranges  0x0000000000000000      0xbc8
 .debug_aranges
                0x0000000000000000       0x38 ./Core/Src/button.o
 .debug_aranges
                0x0000000000000038       0x28 ./Core/Src/control_7SEG.o
 .debug_aranges
                0x0000000000000060       0x20 ./Core/Src/fsm_7SEG_horizontal.o
 .debug_aranges
                0x0000000000000080       0x20 ./Core/Src/fsm_7SEG_vertical.o
 .debug_aranges
                0x00000000000000a0       0x20 ./Core/Src/fsm_system.o
 .debug_aranges
                0x00000000000000c0       0x28 ./Core/Src/fsm_traffic_blink.o
 .debug_aranges
                0x00000000000000e8       0x20 ./Core/Src/fsm_traffic_horizontal.o
 .debug_aranges
                0x0000000000000108       0x20 ./Core/Src/fsm_traffic_vertical.o
 .debug_aranges
                0x0000000000000128       0x18 ./Core/Src/global.o
 .debug_aranges
                0x0000000000000140       0x48 ./Core/Src/main.o
 .debug_aranges
                0x0000000000000188       0x70 ./Core/Src/software_timer.o
 .debug_aranges
                0x00000000000001f8       0x30 ./Core/Src/stm32f1xx_hal_msp.o
 .debug_aranges
                0x0000000000000228       0x68 ./Core/Src/stm32f1xx_it.o
 .debug_aranges
                0x0000000000000290       0x28 ./Core/Src/system_stm32f1xx.o
 .debug_aranges
                0x00000000000002b8       0x18 ./Core/Src/traffic_buffer.o
 .debug_aranges
                0x00000000000002d0       0xd0 ./Core/Src/traffic_light.o
 .debug_aranges
                0x00000000000003a0       0x28 ./Core/Startup/startup_stm32f103c6ux.o
 .debug_aranges
                0x00000000000003c8       0xe0 ./Drivers/STM32F1xx_HAL_Driver/Src/stm32f1xx_hal.o
 .debug_aranges
                0x00000000000004a8      0x100 ./Drivers/STM32F1xx_HAL_Driver/Src/stm32f1xx_hal_cortex.o
 .debug_aranges
                0x00000000000005a8       0x58 ./Drivers/STM32F1xx_HAL_Driver/Src/stm32f1xx_hal_gpio.o
 .debug_aranges
                0x0000000000000600       0x90 ./Drivers/STM32F1xx_HAL_Driver/Src/stm32f1xx_hal_rcc.o
 .debug_aranges
                0x0000000000000690      0x3d0 ./Drivers/STM32F1xx_HAL_Driver/Src/stm32f1xx_hal_tim.o
 .debug_aranges
                0x0000000000000a60      0x168 ./Drivers/STM32F1xx_HAL_Driver/Src/stm32f1xx_hal_tim_ex.o

.debug_ranges   0x0000000000000000      0xa50
 .debug_ranges  0x0000000000000000       0x28 ./Core/Src/button.o
 .debug_ranges  0x0000000000000028       0x18 ./Core/Src/control_7SEG.o
 .debug_ranges  0x0000000000000040       0x10 ./Core/Src/fsm_7SEG_horizontal.o
 .debug_ranges  0x0000000000000050       0x10 ./Core/Src/fsm_7SEG_vertical.o
 .debug_ranges  0x0000000000000060       0x10 ./Core/Src/fsm_system.o
 .debug_ranges  0x0000000000000070       0x18 ./Core/Src/fsm_traffic_blink.o
 .debug_ranges  0x0000000000000088       0x10 ./Core/Src/fsm_traffic_horizontal.o
 .debug_ranges  0x0000000000000098       0x10 ./Core/Src/fsm_traffic_vertical.o
 .debug_ranges  0x00000000000000a8       0x38 ./Core/Src/main.o
 .debug_ranges  0x00000000000000e0       0x60 ./Core/Src/software_timer.o
 .debug_ranges  0x0000000000000140       0x20 ./Core/Src/stm32f1xx_hal_msp.o
 .debug_ranges  0x0000000000000160       0x58 ./Core/Src/stm32f1xx_it.o
 .debug_ranges  0x00000000000001b8       0x18 ./Core/Src/system_stm32f1xx.o
 .debug_ranges  0x00000000000001d0       0xc0 ./Core/Src/traffic_light.o
 .debug_ranges  0x0000000000000290       0x20 ./Core/Startup/startup_stm32f103c6ux.o
 .debug_ranges  0x00000000000002b0       0xd0 ./Drivers/STM32F1xx_HAL_Driver/Src/stm32f1xx_hal.o
 .debug_ranges  0x0000000000000380       0xf0 ./Drivers/STM32F1xx_HAL_Driver/Src/stm32f1xx_hal_cortex.o
 .debug_ranges  0x0000000000000470       0x48 ./Drivers/STM32F1xx_HAL_Driver/Src/stm32f1xx_hal_gpio.o
 .debug_ranges  0x00000000000004b8       0x80 ./Drivers/STM32F1xx_HAL_Driver/Src/stm32f1xx_hal_rcc.o
 .debug_ranges  0x0000000000000538      0x3c0 ./Drivers/STM32F1xx_HAL_Driver/Src/stm32f1xx_hal_tim.o
 .debug_ranges  0x00000000000008f8      0x158 ./Drivers/STM32F1xx_HAL_Driver/Src/stm32f1xx_hal_tim_ex.o

.debug_macro    0x0000000000000000    0x16f40
 .debug_macro   0x0000000000000000      0x1bf ./Core/Src/button.o
 .debug_macro   0x00000000000001bf      0xa9c ./Core/Src/button.o
 .debug_macro   0x0000000000000c5b      0x215 ./Core/Src/button.o
 .debug_macro   0x0000000000000e70       0x2e ./Core/Src/button.o
 .debug_macro   0x0000000000000e9e       0x22 ./Core/Src/button.o
 .debug_macro   0x0000000000000ec0       0x22 ./Core/Src/button.o
 .debug_macro   0x0000000000000ee2       0x8e ./Core/Src/button.o
 .debug_macro   0x0000000000000f70       0x51 ./Core/Src/button.o
 .debug_macro   0x0000000000000fc1      0x103 ./Core/Src/button.o
 .debug_macro   0x00000000000010c4       0x6a ./Core/Src/button.o
 .debug_macro   0x000000000000112e      0x1df ./Core/Src/button.o
 .debug_macro   0x000000000000130d       0x1c ./Core/Src/button.o
 .debug_macro   0x0000000000001329       0x22 ./Core/Src/button.o
 .debug_macro   0x000000000000134b       0xc3 ./Core/Src/button.o
 .debug_macro   0x000000000000140e      0xd23 ./Core/Src/button.o
 .debug_macro   0x0000000000002131     0xde75 ./Core/Src/button.o
 .debug_macro   0x000000000000ffa6       0x6d ./Core/Src/button.o
 .debug_macro   0x0000000000010013     0x34a2 ./Core/Src/button.o
 .debug_macro   0x00000000000134b5      0x174 ./Core/Src/button.o
 .debug_macro   0x0000000000013629       0x5c ./Core/Src/button.o
 .debug_macro   0x0000000000013685      0x5bc ./Core/Src/button.o
 .debug_macro   0x0000000000013c41      0x1b7 ./Core/Src/button.o
 .debug_macro   0x0000000000013df8      0x1cb ./Core/Src/button.o
 .debug_macro   0x0000000000013fc3      0x114 ./Core/Src/button.o
 .debug_macro   0x00000000000140d7      0x1b2 ./Core/Src/button.o
 .debug_macro   0x0000000000014289       0x27 ./Core/Src/button.o
 .debug_macro   0x00000000000142b0      0x12f ./Core/Src/button.o
 .debug_macro   0x00000000000143df      0x1bc ./Core/Src/button.o
 .debug_macro   0x000000000001459b       0x34 ./Core/Src/button.o
 .debug_macro   0x00000000000145cf       0x3c ./Core/Src/button.o
 .debug_macro   0x000000000001460b       0x57 ./Core/Src/button.o
 .debug_macro   0x0000000000014662       0x87 ./Core/Src/button.o
 .debug_macro   0x00000000000146e9      0x183 ./Core/Src/button.o
 .debug_macro   0x000000000001486c      0x140 ./Core/Src/button.o
 .debug_macro   0x00000000000149ac      0x8ed ./Core/Src/button.o
 .debug_macro   0x0000000000015299       0x69 ./Core/Src/button.o
 .debug_macro   0x0000000000015302      0x154 ./Core/Src/button.o
 .debug_macro   0x0000000000015456       0x10 ./Core/Src/button.o
 .debug_macro   0x0000000000015466      0x1ba ./Core/Src/control_7SEG.o
 .debug_macro   0x0000000000015620       0x41 ./Core/Src/fsm_7SEG_horizontal.o
 .debug_macro   0x0000000000015661       0x22 ./Core/Src/fsm_7SEG_horizontal.o
 .debug_macro   0x0000000000015683       0x28 ./Core/Src/fsm_7SEG_horizontal.o
 .debug_macro   0x00000000000156ab       0x37 ./Core/Src/fsm_7SEG_vertical.o
 .debug_macro   0x00000000000156e2       0x16 ./Core/Src/fsm_7SEG_vertical.o
 .debug_macro   0x00000000000156f8      0x21b ./Core/Src/fsm_system.o
 .debug_macro   0x0000000000015913       0x22 ./Core/Src/fsm_system.o
 .debug_macro   0x0000000000015935       0x22 ./Core/Src/fsm_system.o
 .debug_macro   0x0000000000015957       0x3a ./Core/Src/fsm_system.o
 .debug_macro   0x0000000000015991       0x4b ./Core/Src/fsm_traffic_blink.o
 .debug_macro   0x00000000000159dc      0x1d6 ./Core/Src/fsm_traffic_horizontal.o
 .debug_macro   0x0000000000015bb2       0x37 ./Core/Src/fsm_traffic_vertical.o
 .debug_macro   0x0000000000015be9       0x24 ./Core/Src/global.o
 .debug_macro   0x0000000000015c0d      0x22b ./Core/Src/main.o
 .debug_macro   0x0000000000015e38       0x1b ./Core/Src/software_timer.o
 .debug_macro   0x0000000000015e53      0x1a6 ./Core/Src/stm32f1xx_hal_msp.o
 .debug_macro   0x0000000000015ff9      0x1b0 ./Core/Src/stm32f1xx_it.o
 .debug_macro   0x00000000000161a9      0x197 ./Core/Src/system_stm32f1xx.o
 .debug_macro   0x0000000000016340       0x24 ./Core/Src/traffic_buffer.o
 .debug_macro   0x0000000000016364      0x1b0 ./Core/Src/traffic_light.o
 .debug_macro   0x0000000000016514      0x1bb ./Drivers/STM32F1xx_HAL_Driver/Src/stm32f1xx_hal.o
 .debug_macro   0x00000000000166cf      0x197 ./Drivers/STM32F1xx_HAL_Driver/Src/stm32f1xx_hal_cortex.o
 .debug_macro   0x0000000000016866      0x202 ./Drivers/STM32F1xx_HAL_Driver/Src/stm32f1xx_hal_gpio.o
 .debug_macro   0x0000000000016a68      0x1a9 ./Drivers/STM32F1xx_HAL_Driver/Src/stm32f1xx_hal_rcc.o
 .debug_macro   0x0000000000016c11      0x198 ./Drivers/STM32F1xx_HAL_Driver/Src/stm32f1xx_hal_tim.o
 .debug_macro   0x0000000000016da9      0x197 ./Drivers/STM32F1xx_HAL_Driver/Src/stm32f1xx_hal_tim_ex.o

.debug_line     0x0000000000000000     0xddbd
 .debug_line    0x0000000000000000      0x975 ./Core/Src/button.o
 .debug_line    0x0000000000000975      0x87b ./Core/Src/control_7SEG.o
 .debug_line    0x00000000000011f0      0x14d ./Core/Src/fsm_7SEG_horizontal.o
 .debug_line    0x000000000000133d       0xef ./Core/Src/fsm_7SEG_vertical.o
 .debug_line    0x000000000000142c      0x9de ./Core/Src/fsm_system.o
 .debug_line    0x0000000000001e0a      0x26d ./Core/Src/fsm_traffic_blink.o
 .debug_line    0x0000000000002077      0x8c6 ./Core/Src/fsm_traffic_horizontal.o
 .debug_line    0x000000000000293d       0xf4 ./Core/Src/fsm_traffic_vertical.o
 .debug_line    0x0000000000002a31       0x61 ./Core/Src/global.o
 .debug_line    0x0000000000002a92      0xa29 ./Core/Src/main.o
 .debug_line    0x00000000000034bb      0x276 ./Core/Src/software_timer.o
 .debug_line    0x0000000000003731      0x85f ./Core/Src/stm32f1xx_hal_msp.o
 .debug_line    0x0000000000003f90      0x8fd ./Core/Src/stm32f1xx_it.o
 .debug_line    0x000000000000488d      0x8a1 ./Core/Src/system_stm32f1xx.o
 .debug_line    0x000000000000512e       0x69 ./Core/Src/traffic_buffer.o
 .debug_line    0x0000000000005197      0xaee ./Core/Src/traffic_light.o
 .debug_line    0x0000000000005c85       0x86 ./Core/Startup/startup_stm32f103c6ux.o
 .debug_line    0x0000000000005d0b      0xace ./Drivers/STM32F1xx_HAL_Driver/Src/stm32f1xx_hal.o
 .debug_line    0x00000000000067d9      0xcb6 ./Drivers/STM32F1xx_HAL_Driver/Src/stm32f1xx_hal_cortex.o
 .debug_line    0x000000000000748f      0xb51 ./Drivers/STM32F1xx_HAL_Driver/Src/stm32f1xx_hal_gpio.o
 .debug_line    0x0000000000007fe0      0xeda ./Drivers/STM32F1xx_HAL_Driver/Src/stm32f1xx_hal_rcc.o
 .debug_line    0x0000000000008eba     0x351f ./Drivers/STM32F1xx_HAL_Driver/Src/stm32f1xx_hal_tim.o
 .debug_line    0x000000000000c3d9     0x19e4 ./Drivers/STM32F1xx_HAL_Driver/Src/stm32f1xx_hal_tim_ex.o

.debug_str      0x0000000000000000    0x82d58
 .debug_str     0x0000000000000000    0x7f945 ./Core/Src/button.o
                                      0x7fcac (size before relaxing)
 .debug_str     0x000000000007f945       0xdc ./Core/Src/control_7SEG.o
                                      0x7fc96 (size before relaxing)
 .debug_str     0x000000000007fa21      0x340 ./Core/Src/fsm_7SEG_horizontal.o
                                       0x3132 (size before relaxing)
 .debug_str     0x000000000007fd61       0x99 ./Core/Src/fsm_7SEG_vertical.o
                                       0x308d (size before relaxing)
 .debug_str     0x000000000007fdfa      0x295 ./Core/Src/fsm_system.o
                                      0x80122 (size before relaxing)
 .debug_str     0x000000000008008f       0x60 ./Core/Src/fsm_traffic_blink.o
                                       0x31d4 (size before relaxing)
 .debug_str     0x00000000000800ef       0x40 ./Core/Src/fsm_traffic_horizontal.o
                                      0x7fe8a (size before relaxing)
 .debug_str     0x000000000008012f       0x3c ./Core/Src/fsm_traffic_vertical.o
                                       0x304c (size before relaxing)
 .debug_str     0x000000000008016b       0x15 ./Core/Src/global.o
                                       0x2f4c (size before relaxing)
 .debug_str     0x0000000000080180      0x6df ./Core/Src/main.o
                                      0x80985 (size before relaxing)
 .debug_str     0x000000000008085f       0x94 ./Core/Src/software_timer.o
                                       0x2ef9 (size before relaxing)
 .debug_str     0x00000000000808f3      0x2ba ./Core/Src/stm32f1xx_hal_msp.o
                                      0x80383 (size before relaxing)
 .debug_str     0x0000000000080bad       0xcd ./Core/Src/stm32f1xx_it.o
                                      0x800e5 (size before relaxing)
 .debug_str     0x0000000000080c7a       0x52 ./Core/Src/system_stm32f1xx.o
                                      0x7f758 (size before relaxing)
 .debug_str     0x0000000000080ccc       0x1d ./Core/Src/traffic_buffer.o
                                       0x2f54 (size before relaxing)
 .debug_str     0x0000000000080ce9      0x1fb ./Core/Src/traffic_light.o
                                      0x7fdb0 (size before relaxing)
 .debug_str     0x0000000000080ee4       0x36 ./Core/Startup/startup_stm32f103c6ux.o
                                         0x4c (size before relaxing)
 .debug_str     0x0000000000080f1a      0x304 ./Drivers/STM32F1xx_HAL_Driver/Src/stm32f1xx_hal.o
                                      0x7fdaf (size before relaxing)
 .debug_str     0x000000000008121e      0x300 ./Drivers/STM32F1xx_HAL_Driver/Src/stm32f1xx_hal_cortex.o
                                      0x7fdb7 (size before relaxing)
 .debug_str     0x000000000008151e      0x31f ./Drivers/STM32F1xx_HAL_Driver/Src/stm32f1xx_hal_gpio.o
                                      0x7fb1c (size before relaxing)
 .debug_str     0x000000000008183d      0x24f ./Drivers/STM32F1xx_HAL_Driver/Src/stm32f1xx_hal_rcc.o
                                      0x7fb55 (size before relaxing)
 .debug_str     0x0000000000081a8c      0xdde ./Drivers/STM32F1xx_HAL_Driver/Src/stm32f1xx_hal_tim.o
                                      0x80b3e (size before relaxing)
 .debug_str     0x000000000008286a      0x4ee ./Drivers/STM32F1xx_HAL_Driver/Src/stm32f1xx_hal_tim_ex.o
                                      0x802df (size before relaxing)

.comment        0x0000000000000000       0x53
 .comment       0x0000000000000000       0x53 ./Core/Src/button.o
                                         0x54 (size before relaxing)
 .comment       0x0000000000000053       0x54 ./Core/Src/control_7SEG.o
 .comment       0x0000000000000053       0x54 ./Core/Src/fsm_7SEG_horizontal.o
 .comment       0x0000000000000053       0x54 ./Core/Src/fsm_7SEG_vertical.o
 .comment       0x0000000000000053       0x54 ./Core/Src/fsm_system.o
 .comment       0x0000000000000053       0x54 ./Core/Src/fsm_traffic_blink.o
 .comment       0x0000000000000053       0x54 ./Core/Src/fsm_traffic_horizontal.o
 .comment       0x0000000000000053       0x54 ./Core/Src/fsm_traffic_vertical.o
 .comment       0x0000000000000053       0x54 ./Core/Src/global.o
 .comment       0x0000000000000053       0x54 ./Core/Src/main.o
 .comment       0x0000000000000053       0x54 ./Core/Src/software_timer.o
 .comment       0x0000000000000053       0x54 ./Core/Src/stm32f1xx_hal_msp.o
 .comment       0x0000000000000053       0x54 ./Core/Src/stm32f1xx_it.o
 .comment       0x0000000000000053       0x54 ./Core/Src/system_stm32f1xx.o
 .comment       0x0000000000000053       0x54 ./Core/Src/traffic_buffer.o
 .comment       0x0000000000000053       0x54 ./Core/Src/traffic_light.o
 .comment       0x0000000000000053       0x54 ./Drivers/STM32F1xx_HAL_Driver/Src/stm32f1xx_hal.o
 .comment       0x0000000000000053       0x54 ./Drivers/STM32F1xx_HAL_Driver/Src/stm32f1xx_hal_cortex.o
 .comment       0x0000000000000053       0x54 ./Drivers/STM32F1xx_HAL_Driver/Src/stm32f1xx_hal_gpio.o
 .comment       0x0000000000000053       0x54 ./Drivers/STM32F1xx_HAL_Driver/Src/stm32f1xx_hal_rcc.o
 .comment       0x0000000000000053       0x54 ./Drivers/STM32F1xx_HAL_Driver/Src/stm32f1xx_hal_tim.o
 .comment       0x0000000000000053       0x54 ./Drivers/STM32F1xx_HAL_Driver/Src/stm32f1xx_hal_tim_ex.o

.debug_frame    0x0000000000000000     0x2c40
 .debug_frame   0x0000000000000000       0x94 ./Core/Src/button.o
 .debug_frame   0x0000000000000094       0x58 ./Core/Src/control_7SEG.o
 .debug_frame   0x00000000000000ec       0x2c ./Core/Src/fsm_7SEG_horizontal.o
 .debug_frame   0x0000000000000118       0x2c ./Core/Src/fsm_7SEG_vertical.o
 .debug_frame   0x0000000000000144       0x2c ./Core/Src/fsm_system.o
 .debug_frame   0x0000000000000170       0x48 ./Core/Src/fsm_traffic_blink.o
 .debug_frame   0x00000000000001b8       0x2c ./Core/Src/fsm_traffic_horizontal.o
 .debug_frame   0x00000000000001e4       0x2c ./Core/Src/fsm_traffic_vertical.o
 .debug_frame   0x0000000000000210       0xd4 ./Core/Src/main.o
 .debug_frame   0x00000000000002e4      0x1c0 ./Core/Src/software_timer.o
 .debug_frame   0x00000000000004a4       0x80 ./Core/Src/stm32f1xx_hal_msp.o
 .debug_frame   0x0000000000000524      0x120 ./Core/Src/stm32f1xx_it.o
 .debug_frame   0x0000000000000644       0x58 ./Core/Src/system_stm32f1xx.o
 .debug_frame   0x000000000000069c      0x2ac ./Core/Src/traffic_light.o
 .debug_frame   0x0000000000000948      0x334 ./Drivers/STM32F1xx_HAL_Driver/Src/stm32f1xx_hal.o
 .debug_frame   0x0000000000000c7c      0x428 ./Drivers/STM32F1xx_HAL_Driver/Src/stm32f1xx_hal_cortex.o
 .debug_frame   0x00000000000010a4      0x14c ./Drivers/STM32F1xx_HAL_Driver/Src/stm32f1xx_hal_gpio.o
 .debug_frame   0x00000000000011f0      0x218 ./Drivers/STM32F1xx_HAL_Driver/Src/stm32f1xx_hal_rcc.o
 .debug_frame   0x0000000000001408     0x11b4 ./Drivers/STM32F1xx_HAL_Driver/Src/stm32f1xx_hal_tim.o
 .debug_frame   0x00000000000025bc      0x638 ./Drivers/STM32F1xx_HAL_Driver/Src/stm32f1xx_hal_tim_ex.o
 .debug_frame   0x0000000000002bf4       0x2c d:/vi xu ly vi di e zu ka hi en/stm32cubeide_1.7.0/stm32cubeide/plugins/com.st.stm32cube.ide.mcu.externaltools.gnu-tools-for-stm32.9-2020-q2-update.win32_2.0.0.202105311346/tools/bin/../lib/gcc/arm-none-eabi/9.3.1/../../../../arm-none-eabi/lib/thumb/v7-m/nofp\libc_nano.a(lib_a-init.o)
 .debug_frame   0x0000000000002c20       0x20 d:/vi xu ly vi di e zu ka hi en/stm32cubeide_1.7.0/stm32cubeide/plugins/com.st.stm32cube.ide.mcu.externaltools.gnu-tools-for-stm32.9-2020-q2-update.win32_2.0.0.202105311346/tools/bin/../lib/gcc/arm-none-eabi/9.3.1/../../../../arm-none-eabi/lib/thumb/v7-m/nofp\libc_nano.a(lib_a-memset.o)
